{
  "version": "1.5.0",
  "plugins_used": [
    {
      "name": "ArtifactoryDetector"
    },
    {
      "name": "AWSKeyDetector"
    },
    {
      "name": "AzureStorageKeyDetector"
    },
    {
      "name": "Base64HighEntropyString",
      "limit": 4.5
    },
    {
      "name": "BasicAuthDetector"
    },
    {
      "name": "CloudantDetector"
    },
    {
      "name": "DiscordBotTokenDetector"
    },
    {
      "name": "GitHubTokenDetector"
    },
    {
      "name": "GitLabTokenDetector"
    },
    {
      "name": "HexHighEntropyString",
      "limit": 3.0
    },
    {
      "name": "IbmCloudIamDetector"
    },
    {
      "name": "IbmCosHmacDetector"
    },
    {
      "name": "IPPublicDetector"
    },
    {
      "name": "JwtTokenDetector"
    },
    {
      "name": "KeywordDetector",
      "keyword_exclude": ""
    },
    {
      "name": "MailchimpDetector"
    },
    {
      "name": "NpmDetector"
    },
    {
      "name": "OpenAIDetector"
    },
    {
      "name": "PrivateKeyDetector"
    },
    {
      "name": "PypiTokenDetector"
    },
    {
      "name": "SendGridDetector"
    },
    {
      "name": "SlackDetector"
    },
    {
      "name": "SoftlayerDetector"
    },
    {
      "name": "SquareOAuthDetector"
    },
    {
      "name": "StripeDetector"
    },
    {
      "name": "TelegramBotTokenDetector"
    },
    {
      "name": "TwilioKeyDetector"
    }
  ],
  "filters_used": [
    {
      "path": "detect_secrets.filters.allowlist.is_line_allowlisted"
    },
    {
      "path": "detect_secrets.filters.common.is_baseline_file",
      "filename": ".secrets.baseline"
    },
    {
      "path": "detect_secrets.filters.common.is_ignored_due_to_verification_policies",
      "min_level": 2
    },
    {
      "path": "detect_secrets.filters.heuristic.is_indirect_reference"
    },
    {
      "path": "detect_secrets.filters.heuristic.is_likely_id_string"
    },
    {
      "path": "detect_secrets.filters.heuristic.is_lock_file"
    },
    {
      "path": "detect_secrets.filters.heuristic.is_not_alphanumeric_string"
    },
    {
      "path": "detect_secrets.filters.heuristic.is_potential_uuid"
    },
    {
      "path": "detect_secrets.filters.heuristic.is_prefixed_with_dollar_sign"
    },
    {
      "path": "detect_secrets.filters.heuristic.is_sequential_string"
    },
    {
      "path": "detect_secrets.filters.heuristic.is_swagger_file"
    },
    {
      "path": "detect_secrets.filters.heuristic.is_templated_secret"
    },
    {
      "path": "detect_secrets.filters.regex.should_exclude_file",
      "pattern": [
        "(\\.env|\\.venv|storage|node_modules|\\.git|src-tauri/target)"
      ]
    }
  ],
  "results": {
    "backend\\app\\api\\v1\\websocket.py": [
      {
        "type": "Secret Keyword",
        "filename": "backend\\app\\api\\v1\\websocket.py",
        "hashed_secret": "07596f183f5e91b1778d5e47b2752b8d42aa763d",
        "is_verified": false,
        "line_number": 143
      }
    ],
    "backend\\app\\services\\reminder_service.py": [
      {
        "type": "Secret Keyword",
        "filename": "backend\\app\\services\\reminder_service.py",
        "hashed_secret": "91d4031c0f6ce50b8ffd4d38c388fbf0d82003d9",
        "is_verified": false,
        "line_number": 75
      }
    ],
    "backend\\tests\\conftest.py": [
      {
        "type": "Base64 High Entropy String",
        "filename": "backend\\tests\\conftest.py",
        "hashed_secret": "9abf7faebfa6e33c1eeaaf3714487ee8cd886ace",
        "is_verified": false,
        "line_number": 10
      },
      {
        "type": "Base64 High Entropy String",
        "filename": "backend\\tests\\conftest.py",
        "hashed_secret": "d515eb778ae47ac673bf6f14d4b4ded4e2a1e1ea",
        "is_verified": false,
        "line_number": 11
      }
    ],
    "backend\\tests\\test_auth_flow.py": [
      {
        "type": "Secret Keyword",
        "filename": "backend\\tests\\test_auth_flow.py",
        "hashed_secret": "593fd4422e49b3d245ba704d48aa238483165e07",
        "is_verified": false,
        "line_number": 26
      },
      {
        "type": "Secret Keyword",
        "filename": "backend\\tests\\test_auth_flow.py",
        "hashed_secret": "e8662cfb96bd9c7fe84c31d76819ec3a92c80e63",
        "is_verified": false,
        "line_number": 75
      }
    ],
    "backend\\tests\\test_log_scrubbing.py": [
      {
        "type": "Base64 High Entropy String",
        "filename": "backend\\tests\\test_log_scrubbing.py",
        "hashed_secret": "31c7a120e9174bc2aedcef55e0372113b82879bb",
        "is_verified": false,
        "line_number": 59
      },
      {
        "type": "Hex High Entropy String",
        "filename": "backend\\tests\\test_log_scrubbing.py",
        "hashed_secret": "e3881428d6c5f285fdd894d8e2892629651a78dd",
        "is_verified": false,
        "line_number": 60
      },
      {
        "type": "Hex High Entropy String",
        "filename": "backend\\tests\\test_log_scrubbing.py",
        "hashed_secret": "34cfdc05d9d1b7f8f6dea1ca04ad7f5d651092b8",
        "is_verified": false,
        "line_number": 61
      },
      {
        "type": "Secret Keyword",
        "filename": "backend\\tests\\test_log_scrubbing.py",
        "hashed_secret": "2a9430ce1cd14b6cde94aab800082fc1bc389fc5",
        "is_verified": false,
        "line_number": 62
      },
      {
        "type": "Secret Keyword",
        "filename": "backend\\tests\\test_log_scrubbing.py",
        "hashed_secret": "0cb29582b36958a8204908fda26ba7a986ee9194",
        "is_verified": false,
        "line_number": 71
      },
      {
        "type": "Secret Keyword",
        "filename": "backend\\tests\\test_log_scrubbing.py",
        "hashed_secret": "ec1bd239af05bfe5dd99369c41b4e932142df00f",
        "is_verified": false,
        "line_number": 73
      }
    ],
    "backend\\tests\\test_milestone6_skills.py": [
      {
        "type": "Secret Keyword",
        "filename": "backend\\tests\\test_milestone6_skills.py",
        "hashed_secret": "76d272348754c134485ac7c657f4ff5d1d761324",
        "is_verified": false,
        "line_number": 294
      },
      {
        "type": "Secret Keyword",
        "filename": "backend\\tests\\test_milestone6_skills.py",
        "hashed_secret": "829c3804401b0727f70f73d4415e162400cbe57b",
        "is_verified": false,
        "line_number": 351
      }
    ],
    "backend\\tests\\test_reminders_api.py": [
      {
        "type": "Secret Keyword",
        "filename": "backend\\tests\\test_reminders_api.py",
        "hashed_secret": "76d272348754c134485ac7c657f4ff5d1d761324",
        "is_verified": false,
        "line_number": 20
      }
    ],
    "backend\\tests\\test_security_crypto.py": [
      {
        "type": "Secret Keyword",
        "filename": "backend\\tests\\test_security_crypto.py",
        "hashed_secret": "2126d0fbedfe4fffea4d2a6b9b84e294448bcc26",
        "is_verified": false,
        "line_number": 19
      },
      {
        "type": "Secret Keyword",
        "filename": "backend\\tests\\test_security_crypto.py",
        "hashed_secret": "48fff80a40351a1d46ef240b4b20bba2a06fbb5e",
        "is_verified": false,
        "line_number": 38
      },
      {
        "type": "Secret Keyword",
        "filename": "backend\\tests\\test_security_crypto.py",
        "hashed_secret": "8446a9dd6aa366169a87cc97a92d2d7f2f04009b",
        "is_verified": false,
        "line_number": 47
      }
    ],
    "backend\\tests\\test_setup_token.py": [
      {
        "type": "Secret Keyword",
        "filename": "backend\\tests\\test_setup_token.py",
        "hashed_secret": "42d4ff4db03d027ad84972134c025739494e0f6c",
        "is_verified": false,
        "line_number": 12
      },
      {
        "type": "Secret Keyword",
        "filename": "backend\\tests\\test_setup_token.py",
        "hashed_secret": "6e61e0ec5c4bf0fc6dc61a7a78ea011804290ed1",
        "is_verified": false,
        "line_number": 39
      }
    ]
  },
  "generated_at": "2026-09-30T12:11:51Z"
}
